<?xml version="1.0" encoding="UTF-8"?>
<tapeutape version="0.1.0">
  <options globalvolume="1.000000" max_polyphony="100">
    <jack-output name="Samples1"/>
    <jack-output name="Samples2"/>
    <jack-output name="Samples3"/>
    <jack-output name="Samples4"/>
    <jack-output name="Samples5"/>
    <jack-output name="DrumKlit"/>
  </options>
  <creation>
    <setup name="Plagiat" channel="1" cc="0">
      <kit name="Climat" volume="1.000000">
        <instrument name="AnoushkaRing" minnote="60" maxnote="60" rootnote="60" rootnotefine="0.000000" channel="1" cut="-1" polyphony="0" output="Samples1" volume="0.500000" pan="0.000000" pitch_over_range="true" play_mode="trigger" play_loop="no" play_reverse="no">
          <variation minveloc="0" maxveloc="127" sample="/home/woii/Plagiat/Stage/Sounds/Samples/Climat/48k_AnoushkaSHankar.2@142-118.wav" sampleRelative="Climat/48k_AnoushkaSHankar.2@142-118.wav"/>
        </instrument>
        <instrument name="Anoushka" minnote="62" maxnote="62" rootnote="62" rootnotefine="0.000000" channel="1" cut="-1" polyphony="0" output="Samples2" volume="0.510000" pan="0.000000" pitch_over_range="true" play_mode="normal" play_loop="no" play_reverse="no">
          <variation minveloc="0" maxveloc="127" sample="/home/woii/Plagiat/Stage/Sounds/Samples/Climat/48k_AnoushkaSHankar.5@169.wav" sampleRelative="Climat/48k_AnoushkaSHankar.5@169.wav"/>
        </instrument>
        <instrument name="Morricone1" minnote="72" maxnote="72" rootnote="72" rootnotefine="0.000000" channel="1" cut="-1" polyphony="0" output="Samples3" volume="0.170000" pan="0.000000" pitch_over_range="true" play_mode="normal" play_loop="no" play_reverse="no">
          <variation minveloc="0" maxveloc="127" sample="/home/woii/Plagiat/Stage/Sounds/Samples/Climat/48k_morricone.4@141.wav" sampleRelative="Climat/48k_morricone.4@141.wav"/>
        </instrument>
        <instrument name="Morricone2" minnote="74" maxnote="74" rootnote="74" rootnotefine="0.000000" channel="1" cut="-1" polyphony="0" output="Samples3" volume="0.310000" pan="0.000000" pitch_over_range="true" play_mode="normal" play_loop="no" play_reverse="no">
          <variation minveloc="0" maxveloc="127" sample="/home/woii/Plagiat/Stage/Sounds/Samples/Climat/48k_morricone.5.wav" sampleRelative="Climat/48k_morricone.5.wav"/>
        </instrument>
        <instrument name="Mandela" minnote="48" maxnote="48" rootnote="48" rootnotefine="0.000000" channel="1" cut="-1" polyphony="0" output="Samples4" volume="0.330000" pan="0.000000" pitch_over_range="true" play_mode="normal" play_loop="no" play_reverse="no">
          <variation minveloc="0" maxveloc="127" sample="/home/woii/Plagiat/Stage/Sounds/Samples/Climat/48k_mandela.2.wav" sampleRelative="Climat/48k_mandela.2.wav"/>
        </instrument>
        <instrument name="Mandela2" minnote="50" maxnote="50" rootnote="50" rootnotefine="0.000000" channel="1" cut="-1" polyphony="0" output="Samples4" volume="0.330000" pan="0.000000" pitch_over_range="true" play_mode="normal" play_loop="no" play_reverse="no">
          <variation minveloc="0" maxveloc="127" sample="/home/woii/Plagiat/Stage/Sounds/Samples/Climat/48k_mandela.13.wav" sampleRelative="Climat/48k_mandela.13.wav"/>
        </instrument>
        <instrument name="Mandela3" minnote="52" maxnote="52" rootnote="52" rootnotefine="0.000000" channel="1" cut="-1" polyphony="0" output="Samples4" volume="1.000000" pan="0.000000" pitch_over_range="true" play_mode="normal" play_loop="no" play_reverse="no">
          <variation minveloc="0" maxveloc="127" sample="/home/woii/Plagiat/Stage/Sounds/Samples/Climat/48k_mandela.4.wav" sampleRelative="Climat/48k_mandela.4.wav"/>
        </instrument>
        <instrument name="Morricone3" minnote="76" maxnote="76" rootnote="76" rootnotefine="0.000000" channel="1" cut="-1" polyphony="0" output="Samples3" volume="0.260000" pan="0.000000" pitch_over_range="true" play_mode="normal" play_loop="no" play_reverse="no">
          <variation minveloc="0" maxveloc="127" sample="/home/woii/Plagiat/Stage/Sounds/Samples/Climat/48k_morricone.3@133.wav" sampleRelative="Climat/48k_morricone.3@133.wav"/>
        </instrument>
        <instrument name="AnoushkaSpeed" minnote="64" maxnote="64" rootnote="64" rootnotefine="0.000000" channel="1" cut="-1" polyphony="0" output="Samples2" volume="1.000000" pan="0.000000" pitch_over_range="true" play_mode="normal" play_loop="no" play_reverse="no">
          <variation minveloc="0" maxveloc="127" sample="/home/woii/Plagiat/Stage/Sounds/Samples/Climat/48k_AnoushkaSHankar.3@84.wav" sampleRelative="Climat/48k_AnoushkaSHankar.3@84.wav"/>
        </instrument>
        <instrument name="Mandela4" minnote="53" maxnote="53" rootnote="53" rootnotefine="0.000000" channel="1" cut="-1" polyphony="0" output="Samples5" volume="1.000000" pan="0.000000" pitch_over_range="true" play_mode="normal" play_loop="no" play_reverse="no">
          <variation minveloc="0" maxveloc="127" sample="/home/woii/Plagiat/Stage/Sounds/Samples/Climat/48k_mandela.4.wav" sampleRelative="Climat/48k_mandela.4.wav"/>
        </instrument>
        <instrument name="Mandela5" minnote="55" maxnote="55" rootnote="55" rootnotefine="0.000000" channel="1" cut="-1" polyphony="0" output="Samples5" volume="1.000000" pan="0.000000" pitch_over_range="true" play_mode="normal" play_loop="no" play_reverse="no">
          <variation minveloc="0" maxveloc="127" sample="/home/woii/Plagiat/Stage/Sounds/Samples/Climat/48k_mandela.121.wav" sampleRelative="Climat/48k_mandela.121.wav"/>
        </instrument>
        <instrument name="Mandela6" minnote="57" maxnote="57" rootnote="57" rootnotefine="0.000000" channel="1" cut="-1" polyphony="0" output="Samples5" volume="1.000000" pan="0.000000" pitch_over_range="true" play_mode="normal" play_loop="no" play_reverse="no">
          <variation minveloc="0" maxveloc="127" sample="/home/woii/Plagiat/Stage/Sounds/Samples/Climat/48k_mandela.128.wav" sampleRelative="Climat/48k_mandela.128.wav"/>
        </instrument>
        <instrument name="MandelaDist1" minnote="54" maxnote="54" rootnote="54" rootnotefine="0.000000" channel="1" cut="-1" polyphony="0" output="Samples4" volume="0.850000" pan="0.000000" pitch_over_range="true" play_mode="normal" play_loop="no" play_reverse="no">
          <variation minveloc="0" maxveloc="127" sample="/home/woii/Plagiat/Stage/Sounds/Samples/Climat/48k_Processed_mandela108.wav" sampleRelative="Climat/48k_Processed_mandela108.wav"/>
        </instrument>
        <instrument name="MandelaDist2" minnote="56" maxnote="56" rootnote="56" rootnotefine="0.000000" channel="1" cut="-1" polyphony="0" output="Samples4" volume="0.850000" pan="0.000000" pitch_over_range="true" play_mode="normal" play_loop="no" play_reverse="no">
          <variation minveloc="0" maxveloc="127" sample="/home/woii/Plagiat/Stage/Sounds/Samples/Climat/48k_Processed_mandela121.wav" sampleRelative="Climat/48k_Processed_mandela121.wav"/>
        </instrument>
        <instrument name="MandelaDist3" minnote="58" maxnote="58" rootnote="58" rootnotefine="0.000000" channel="1" cut="-1" polyphony="0" output="Samples4" volume="0.850000" pan="0.000000" pitch_over_range="true" play_mode="normal" play_loop="no" play_reverse="no">
          <variation minveloc="0" maxveloc="127" sample="/home/woii/Plagiat/Stage/Sounds/Samples/Climat/48k_Processed_mandela128.wav" sampleRelative="Climat/48k_Processed_mandela128.wav"/>
        </instrument>
        <instrument name="Klap" minnote="64" maxnote="64" rootnote="64" rootnotefine="0.000000" channel="3" cut="-1" polyphony="0" output="DrumKlit" volume="1.000000" pan="0.000000" pitch_over_range="true" play_mode="trigger" play_loop="no" play_reverse="no">
          <variation minveloc="0" maxveloc="127" sample="/home/woii/Plagiat/Stage/Sounds/Samples/DrumKlit/Klap.wav" sampleRelative="DrumKlit/Klap.wav"/>
        </instrument>
        <instrument name="Reload" minnote="65" maxnote="65" rootnote="65" rootnotefine="0.000000" channel="3" cut="-1" polyphony="0" output="Samples1" volume="0.560000" pan="0.000000" pitch_over_range="true" play_mode="trigger" play_loop="no" play_reverse="no">
          <variation minveloc="0" maxveloc="127" sample="/home/woii/Plagiat/Stage/Sounds/Samples/DrumKlit/Reload.wav" sampleRelative="DrumKlit/Reload.wav"/>
        </instrument>
        <instrument name="Fire" minnote="66" maxnote="66" rootnote="66" rootnotefine="0.000000" channel="3" cut="-1" polyphony="0" output="Samples1" volume="0.820000" pan="0.000000" pitch_over_range="true" play_mode="trigger" play_loop="no" play_reverse="no">
          <variation minveloc="0" maxveloc="127" sample="/home/woii/Plagiat/Stage/Sounds/Samples/DrumKlit/Fire.wav" sampleRelative="DrumKlit/Fire.wav"/>
        </instrument>
      </kit>
      <kit name="ConnassesSACEM" volume="1.000000">
        <instrument name="ViolinConnasses" minnote="60" maxnote="60" rootnote="60" rootnotefine="0.000000" channel="1" cut="-1" polyphony="0" output="Samples1" volume="1.000000" pan="0.000000" pitch_over_range="true" play_mode="normal" play_loop="no" play_reverse="no">
          <variation minveloc="0" maxveloc="127" sample="/home/woii/Plagiat/Stage/Sounds/Samples/ConnassesSACEM/48k_conassesSACEM_theme.1.wav" sampleRelative="ConnassesSACEM/48k_conassesSACEM_theme.1.wav"/>
        </instrument>
        <instrument name="RiresConnasses" minnote="62" maxnote="62" rootnote="62" rootnotefine="0.000000" channel="1" cut="-1" polyphony="0" output="Samples2" volume="1.000000" pan="0.000000" pitch_over_range="true" play_mode="normal" play_loop="no" play_reverse="no">
          <variation minveloc="0" maxveloc="127" sample="/home/woii/Plagiat/Stage/Sounds/Samples/ConnassesSACEM/48k_conassesSACEM_3.9@50.wav" sampleRelative="ConnassesSACEM/48k_conassesSACEM_3.9@50.wav"/>
        </instrument>
        <instrument name="FrayedEnds" minnote="64" maxnote="64" rootnote="64" rootnotefine="0.000000" channel="1" cut="-1" polyphony="0" output="Samples3" volume="1.000000" pan="0.000000" pitch_over_range="true" play_mode="normal" play_loop="no" play_reverse="no">
          <variation minveloc="0" maxveloc="127" sample="/home/woii/Plagiat/Stage/Sounds/Samples/ConnassesSACEM/48k_FrayedEnds.2.wav" sampleRelative="ConnassesSACEM/48k_FrayedEnds.2.wav"/>
        </instrument>
        <instrument name="Laughters" minnote="65" maxnote="72" rootnote="65" rootnotefine="0.000000" channel="1" cut="-1" polyphony="0" output="Samples4" volume="1.000000" pan="0.000000" pitch_over_range="true" play_mode="trigger" play_loop="no" play_reverse="no">
          <variation minveloc="0" maxveloc="127" sample="/home/woii/Plagiat/Stage/Sounds/Samples/ConnassesSACEM/67182__robinhood76__00897-massive-800-men-laugh.wav" sampleRelative="ConnassesSACEM/67182__robinhood76__00897-massive-800-men-laugh.wav"/>
        </instrument>
        <instrument name="Klap" minnote="64" maxnote="64" rootnote="64" rootnotefine="0.000000" channel="3" cut="-1" polyphony="0" output="DrumKlit" volume="1.000000" pan="0.000000" pitch_over_range="true" play_mode="trigger" play_loop="no" play_reverse="no">
          <variation minveloc="0" maxveloc="127" sample="/home/woii/Plagiat/Stage/Sounds/Samples/DrumKlit/Klap.wav" sampleRelative="DrumKlit/Klap.wav"/>
        </instrument>
        <instrument name="Reload" minnote="65" maxnote="65" rootnote="65" rootnotefine="0.000000" channel="3" cut="-1" polyphony="0" output="Samples1" volume="0.560000" pan="0.000000" pitch_over_range="true" play_mode="trigger" play_loop="no" play_reverse="no">
          <variation minveloc="0" maxveloc="127" sample="/home/woii/Plagiat/Stage/Sounds/Samples/DrumKlit/Reload.wav" sampleRelative="DrumKlit/Reload.wav"/>
        </instrument>
        <instrument name="Fire" minnote="66" maxnote="66" rootnote="66" rootnotefine="0.000000" channel="3" cut="-1" polyphony="0" output="Samples1" volume="0.820000" pan="0.000000" pitch_over_range="true" play_mode="trigger" play_loop="no" play_reverse="no">
          <variation minveloc="0" maxveloc="127" sample="/home/woii/Plagiat/Stage/Sounds/Samples/DrumKlit/Fire.wav" sampleRelative="DrumKlit/Fire.wav"/>
        </instrument>
      </kit>
      <kit name="Fifty" volume="1.000000">
        <instrument name="LoveBuzz" minnote="60" maxnote="60" rootnote="60" rootnotefine="0.000000" channel="1" cut="-1" polyphony="0" output="Samples1" volume="1.000000" pan="0.000000" pitch_over_range="true" play_mode="normal" play_loop="no" play_reverse="no">
          <variation minveloc="0" maxveloc="127" sample="/home/woii/Plagiat/Stage/Sounds/Samples/Fifty/48k_loveBuzz.4.wav" sampleRelative="Fifty/48k_loveBuzz.4.wav"/>
        </instrument>
        <instrument name="LoveBuzz2" minnote="61" maxnote="61" rootnote="61" rootnotefine="0.000000" channel="1" cut="-1" polyphony="0" output="Samples1" volume="1.000000" pan="0.000000" pitch_over_range="true" play_mode="trigger" play_loop="no" play_reverse="no">
          <variation minveloc="0" maxveloc="127" sample="/home/woii/Plagiat/Stage/Sounds/Samples/Fifty/48k_loveBuzz.9.wav" sampleRelative="Fifty/48k_loveBuzz.9.wav"/>
        </instrument>
        <instrument name="Christina" minnote="62" maxnote="62" rootnote="62" rootnotefine="0.000000" channel="1" cut="-1" polyphony="0" output="Samples2" volume="1.000000" pan="0.000000" pitch_over_range="true" play_mode="normal" play_loop="no" play_reverse="no">
          <variation minveloc="0" maxveloc="127" sample="/home/woii/Plagiat/Stage/Sounds/Samples/Fifty/48k_Processed_aguilera%L%L-2%L.1@107.wav" sampleRelative="Fifty/48k_Processed_aguilera%L%L-2%L.1@107.wav"/>
        </instrument>
        <instrument name="Christina2" minnote="63" maxnote="63" rootnote="63" rootnotefine="0.000000" channel="1" cut="-1" polyphony="0" output="Samples2" volume="1.000000" pan="0.000000" pitch_over_range="true" play_mode="normal" play_loop="no" play_reverse="no">
          <variation minveloc="0" maxveloc="127" sample="/home/woii/Plagiat/Stage/Sounds/Samples/Fifty/48k_aguilera%L%L-2%L.@107.wav" sampleRelative="Fifty/48k_aguilera%L%L-2%L.@107.wav"/>
        </instrument>
        <instrument name="Pinokio" minnote="64" maxnote="64" rootnote="64" rootnotefine="0.000000" channel="1" cut="-1" polyphony="0" output="Samples3" volume="1.000000" pan="0.000000" pitch_over_range="true" play_mode="normal" play_loop="no" play_reverse="no">
          <variation minveloc="0" maxveloc="127" sample="/home/woii/Plagiat/Stage/Sounds/Samples/Fifty/48k_Pinokio_Pinokio.4@100.wav" sampleRelative="Fifty/48k_Pinokio_Pinokio.4@100.wav"/>
        </instrument>
        <instrument name="Klap" minnote="64" maxnote="64" rootnote="64" rootnotefine="0.000000" channel="3" cut="-1" polyphony="0" output="DrumKlit" volume="1.000000" pan="0.000000" pitch_over_range="true" play_mode="trigger" play_loop="no" play_reverse="no">
          <variation minveloc="0" maxveloc="127" sample="/home/woii/Plagiat/Stage/Sounds/Samples/DrumKlit/Klap.wav" sampleRelative="DrumKlit/Klap.wav"/>
        </instrument>
        <instrument name="Reload" minnote="65" maxnote="65" rootnote="65" rootnotefine="0.000000" channel="3" cut="-1" polyphony="0" output="Samples1" volume="0.560000" pan="0.000000" pitch_over_range="true" play_mode="trigger" play_loop="no" play_reverse="no">
          <variation minveloc="0" maxveloc="127" sample="/home/woii/Plagiat/Stage/Sounds/Samples/DrumKlit/Reload.wav" sampleRelative="DrumKlit/Reload.wav"/>
        </instrument>
        <instrument name="Fire" minnote="66" maxnote="66" rootnote="66" rootnotefine="0.000000" channel="3" cut="-1" polyphony="0" output="Samples1" volume="0.820000" pan="0.000000" pitch_over_range="true" play_mode="trigger" play_loop="no" play_reverse="no">
          <variation minveloc="0" maxveloc="127" sample="/home/woii/Plagiat/Stage/Sounds/Samples/DrumKlit/Fire.wav" sampleRelative="DrumKlit/Fire.wav"/>
        </instrument>
        <instrument name="Basse" minnote="48" maxnote="49" rootnote="48" rootnotefine="0.000000" channel="1" cut="-1" polyphony="0" output="Samples4" volume="1.000000" pan="0.000000" pitch_over_range="true" play_mode="normal" play_loop="no" play_reverse="no">
          <variation minveloc="0" maxveloc="127" sample="/home/woii/Plagiat/Stage/Sounds/Samples/Fifty/FiftyBass0dB.wav" sampleRelative="Fifty/FiftyBass0dB.wav"/>
        </instrument>
        <instrument name="Karkabou" minnote="50" maxnote="50" rootnote="50" rootnotefine="0.000000" channel="1" cut="-1" polyphony="0" output="Samples5" volume="1.000000" pan="0.000000" pitch_over_range="true" play_mode="normal" play_loop="no" play_reverse="no">
          <variation minveloc="0" maxveloc="127" sample="/home/woii/Plagiat/Stage/Sounds/Samples/Fifty/FiftyPerc0dB.wav" sampleRelative="Fifty/FiftyPerc0dB.wav"/>
        </instrument>
      </kit>
      <kit name="Le5" volume="0.310000">
        <instrument name="Tigrou" minnote="60" maxnote="60" rootnote="60" rootnotefine="0.000000" channel="1" cut="-1" polyphony="0" output="Samples1" volume="0.530000" pan="0.000000" pitch_over_range="true" play_mode="normal" play_loop="no" play_reverse="no">
          <variation minveloc="0" maxveloc="127" sample="/home/woii/Plagiat/Stage/Sounds/Samples/Le5/48k_Processed_03_Kars_1.5@89.wav" sampleRelative="Le5/48k_Processed_03_Kars_1.5@89.wav"/>
        </instrument>
        <instrument name="Tigrou2" minnote="62" maxnote="62" rootnote="62" rootnotefine="0.000000" channel="1" cut="-1" polyphony="0" output="Samples1" volume="0.440000" pan="0.000000" pitch_over_range="true" play_mode="normal" play_loop="no" play_reverse="no">
          <variation minveloc="0" maxveloc="127" sample="/home/woii/Plagiat/Stage/Sounds/Samples/Le5/48k_Processed_03_Kars_1@200.wav" sampleRelative="Le5/48k_Processed_03_Kars_1@200.wav"/>
        </instrument>
        <instrument name="Tigrou3Short" minnote="64" maxnote="64" rootnote="64" rootnotefine="0.000000" channel="1" cut="-1" polyphony="0" output="Samples1" volume="0.850000" pan="0.000000" pitch_over_range="true" play_mode="normal" play_loop="no" play_reverse="no">
          <variation minveloc="0" maxveloc="127" sample="/home/woii/Plagiat/Stage/Sounds/Samples/Le5/48k_Processed_03_Kars_1.37@87_Short.wav" sampleRelative="Le5/48k_Processed_03_Kars_1.37@87_Short.wav"/>
        </instrument>
        <instrument name="Tigrou3Long" minnote="65" maxnote="65" rootnote="65" rootnotefine="0.000000" channel="1" cut="-1" polyphony="0" output="Samples1" volume="0.850000" pan="0.000000" pitch_over_range="true" play_mode="normal" play_loop="no" play_reverse="no">
          <variation minveloc="0" maxveloc="127" sample="/home/woii/Plagiat/Stage/Sounds/Samples/Le5/48k_Processed_03_Kars_1.37@87_Long.wav" sampleRelative="Le5/48k_Processed_03_Kars_1.37@87_Long.wav"/>
        </instrument>
        <instrument name="yamanyar" minnote="48" maxnote="48" rootnote="48" rootnotefine="0.000000" channel="1" cut="-1" polyphony="0" output="Samples2" volume="0.610000" pan="0.000000" pitch_over_range="true" play_mode="normal" play_loop="no" play_reverse="no">
          <variation minveloc="0" maxveloc="127" sample="/home/woii/Plagiat/Stage/Sounds/Samples/Le5/48k__yamanyar_stretched_yamanyar4.5@200.wav" sampleRelative="Le5/48k__yamanyar_stretched_yamanyar4.5@200.wav"/>
        </instrument>
        <instrument name="yamanyar2" minnote="50" maxnote="50" rootnote="50" rootnotefine="0.000000" channel="1" cut="-1" polyphony="0" output="Samples2" volume="0.610000" pan="0.000000" pitch_over_range="true" play_mode="normal" play_loop="no" play_reverse="no">
          <variation minveloc="0" maxveloc="127" sample="/home/woii/Plagiat/Stage/Sounds/Samples/Le5/48k_yamanyar_stretched_yamanyar4.9@78.wav" sampleRelative="Le5/48k_yamanyar_stretched_yamanyar4.9@78.wav"/>
        </instrument>
        <instrument name="Klap" minnote="64" maxnote="64" rootnote="64" rootnotefine="0.000000" channel="3" cut="-1" polyphony="0" output="DrumKlit" volume="1.000000" pan="0.000000" pitch_over_range="true" play_mode="trigger" play_loop="no" play_reverse="no">
          <variation minveloc="0" maxveloc="127" sample="/home/woii/Plagiat/Stage/Sounds/Samples/DrumKlit/Klap.wav" sampleRelative="DrumKlit/Klap.wav"/>
        </instrument>
        <instrument name="Reload" minnote="65" maxnote="65" rootnote="65" rootnotefine="0.000000" channel="3" cut="-1" polyphony="0" output="Samples1" volume="0.560000" pan="0.000000" pitch_over_range="true" play_mode="trigger" play_loop="no" play_reverse="no">
          <variation minveloc="0" maxveloc="127" sample="/home/woii/Plagiat/Stage/Sounds/Samples/DrumKlit/Reload.wav" sampleRelative="DrumKlit/Reload.wav"/>
        </instrument>
        <instrument name="Fire" minnote="66" maxnote="66" rootnote="66" rootnotefine="0.000000" channel="3" cut="-1" polyphony="0" output="Samples1" volume="0.820000" pan="0.000000" pitch_over_range="true" play_mode="trigger" play_loop="no" play_reverse="no">
          <variation minveloc="0" maxveloc="127" sample="/home/woii/Plagiat/Stage/Sounds/Samples/DrumKlit/Fire.wav" sampleRelative="DrumKlit/Fire.wav"/>
        </instrument>
      </kit>
      <kit name="SW" volume="1.000000">
        <instrument name="FiatLux" minnote="60" maxnote="60" rootnote="60" rootnotefine="0.000000" channel="1" cut="-1" polyphony="0" output="Samples1" volume="0.480000" pan="0.000000" pitch_over_range="true" play_mode="trigger" play_loop="no" play_reverse="no">
          <variation minveloc="0" maxveloc="127" sample="/home/woii/Plagiat/Stage/Sounds/Samples/SW/48k_FiatLux.6@112.wav" sampleRelative="SW/48k_FiatLux.6@112.wav"/>
        </instrument>
        <instrument name="SW" minnote="48" maxnote="48" rootnote="48" rootnotefine="0.000000" channel="1" cut="-1" polyphony="0" output="Samples2" volume="0.400000" pan="0.000000" pitch_over_range="true" play_mode="normal" play_loop="no" play_reverse="no">
          <variation minveloc="0" maxveloc="127" sample="/home/woii/Plagiat/Stage/Sounds/Samples/SW/48k_SW.57.wav" sampleRelative="SW/48k_SW.57.wav"/>
        </instrument>
        <instrument name="Klap" minnote="64" maxnote="64" rootnote="64" rootnotefine="0.000000" channel="3" cut="-1" polyphony="0" output="DrumKlit" volume="1.000000" pan="0.000000" pitch_over_range="true" play_mode="trigger" play_loop="no" play_reverse="no">
          <variation minveloc="0" maxveloc="127" sample="/home/woii/Plagiat/Stage/Sounds/Samples/DrumKlit/Klap.wav" sampleRelative="DrumKlit/Klap.wav"/>
        </instrument>
        <instrument name="Reload" minnote="65" maxnote="65" rootnote="65" rootnotefine="0.000000" channel="3" cut="-1" polyphony="0" output="Samples1" volume="0.560000" pan="0.000000" pitch_over_range="true" play_mode="trigger" play_loop="no" play_reverse="no">
          <variation minveloc="0" maxveloc="127" sample="/home/woii/Plagiat/Stage/Sounds/Samples/DrumKlit/Reload.wav" sampleRelative="DrumKlit/Reload.wav"/>
        </instrument>
        <instrument name="Fire" minnote="66" maxnote="66" rootnote="66" rootnotefine="0.000000" channel="3" cut="-1" polyphony="0" output="Samples1" volume="0.820000" pan="0.000000" pitch_over_range="true" play_mode="trigger" play_loop="no" play_reverse="no">
          <variation minveloc="0" maxveloc="127" sample="/home/woii/Plagiat/Stage/Sounds/Samples/DrumKlit/Fire.wav" sampleRelative="DrumKlit/Fire.wav"/>
        </instrument>
      </kit>
      <kit name="WholeWorld" volume="0.330000">
        <instrument name="Koto" minnote="60" maxnote="60" rootnote="60" rootnotefine="0.000000" channel="1" cut="-1" polyphony="0" output="Samples1" volume="1.000000" pan="0.000000" pitch_over_range="true" play_mode="normal" play_loop="no" play_reverse="no">
          <variation minveloc="0" maxveloc="127" sample="/home/woii/Plagiat/Stage/Sounds/Samples/WholeWorld/WholeWorldCymb1_0dB.wav" sampleRelative="WholeWorld/WholeWorldCymb1_0dB.wav"/>
        </instrument>
        <instrument name="Koto2" minnote="62" maxnote="62" rootnote="62" rootnotefine="0.000000" channel="1" cut="-1" polyphony="0" output="Samples1" volume="1.000000" pan="0.000000" pitch_over_range="true" play_mode="normal" play_loop="no" play_reverse="no">
          <variation minveloc="0" maxveloc="127" sample="/home/woii/Plagiat/Stage/Sounds/Samples/WholeWorld/WholeWorldCymb2_0dB.wav" sampleRelative="WholeWorld/WholeWorldCymb2_0dB.wav"/>
        </instrument>
        <instrument name="Koto3" minnote="64" maxnote="64" rootnote="64" rootnotefine="0.000000" channel="1" cut="-1" polyphony="0" output="Samples1" volume="1.000000" pan="0.000000" pitch_over_range="true" play_mode="normal" play_loop="no" play_reverse="no">
          <variation minveloc="0" maxveloc="127" sample="/home/woii/Plagiat/Stage/Sounds/Samples/WholeWorld/WholeWorldCymb3_0dB.wav" sampleRelative="WholeWorld/WholeWorldCymb3_0dB.wav"/>
        </instrument>
        <instrument name="Klap" minnote="64" maxnote="64" rootnote="64" rootnotefine="0.000000" channel="3" cut="-1" polyphony="0" output="DrumKlit" volume="1.000000" pan="0.000000" pitch_over_range="true" play_mode="trigger" play_loop="no" play_reverse="no">
          <variation minveloc="0" maxveloc="127" sample="/home/woii/Plagiat/Stage/Sounds/Samples/DrumKlit/Klap.wav" sampleRelative="DrumKlit/Klap.wav"/>
        </instrument>
        <instrument name="Reload" minnote="65" maxnote="65" rootnote="65" rootnotefine="0.000000" channel="3" cut="-1" polyphony="0" output="Samples1" volume="0.560000" pan="0.000000" pitch_over_range="true" play_mode="trigger" play_loop="no" play_reverse="no">
          <variation minveloc="0" maxveloc="127" sample="/home/woii/Plagiat/Stage/Sounds/Samples/DrumKlit/Reload.wav" sampleRelative="DrumKlit/Reload.wav"/>
        </instrument>
        <instrument name="Fire" minnote="66" maxnote="66" rootnote="66" rootnotefine="0.000000" channel="3" cut="-1" polyphony="0" output="Samples1" volume="0.820000" pan="0.000000" pitch_over_range="true" play_mode="trigger" play_loop="no" play_reverse="no">
          <variation minveloc="0" maxveloc="127" sample="/home/woii/Plagiat/Stage/Sounds/Samples/DrumKlit/Fire.wav" sampleRelative="DrumKlit/Fire.wav"/>
        </instrument>
      </kit>
      <kit name="Haggadah" volume="1.000000">
        <instrument name="BAM" minnote="60" maxnote="60" rootnote="60" rootnotefine="0.000000" channel="1" cut="-1" polyphony="0" output="Samples1" volume="0.300000" pan="0.000000" pitch_over_range="true" play_mode="normal" play_loop="no" play_reverse="no">
          <variation minveloc="0" maxveloc="127" sample="/home/woii/Plagiat/Stage/Sounds/Samples/DaFirst/48k_BAM_8.1.wav" sampleRelative="DaFirst/48k_BAM_8.1.wav"/>
        </instrument>
        <instrument name="BAM2" minnote="62" maxnote="62" rootnote="62" rootnotefine="0.000000" channel="1" cut="-1" polyphony="0" output="Samples1" volume="0.300000" pan="0.000000" pitch_over_range="true" play_mode="normal" play_loop="no" play_reverse="no">
          <variation minveloc="0" maxveloc="127" sample="/home/woii/Plagiat/Stage/Sounds/Samples/DaFirst/48k_BAM_8.2.wav" sampleRelative="DaFirst/48k_BAM_8.2.wav"/>
        </instrument>
        <instrument name="BAM3" minnote="64" maxnote="64" rootnote="64" rootnotefine="0.000000" channel="1" cut="-1" polyphony="0" output="Samples1" volume="0.300000" pan="0.000000" pitch_over_range="true" play_mode="normal" play_loop="no" play_reverse="no">
          <variation minveloc="0" maxveloc="127" sample="/home/woii/Plagiat/Stage/Sounds/Samples/DaFirst/48k_BAM_8.3.wav" sampleRelative="DaFirst/48k_BAM_8.3.wav"/>
        </instrument>
        <instrument name="ufo" minnote="48" maxnote="48" rootnote="48" rootnotefine="0.000000" channel="1" cut="-1" polyphony="0" output="Samples2" volume="1.000000" pan="0.000000" pitch_over_range="true" play_mode="normal" play_loop="no" play_reverse="no">
          <variation minveloc="0" maxveloc="127" sample="/home/woii/Plagiat/Stage/Sounds/Samples/DaFirst/48k_ufo.42.wav" sampleRelative="DaFirst/48k_ufo.42.wav"/>
        </instrument>
        <instrument name="ufo2" minnote="50" maxnote="50" rootnote="50" rootnotefine="0.000000" channel="1" cut="-1" polyphony="0" output="Samples2" volume="0.570000" pan="0.000000" pitch_over_range="true" play_mode="trigger" play_loop="no" play_reverse="no">
          <variation minveloc="0" maxveloc="127" sample="/home/woii/Plagiat/Stage/Sounds/Samples/DaFirst/48k_ufo.41.wav" sampleRelative="DaFirst/48k_ufo.41.wav"/>
        </instrument>
        <instrument name="psychose" minnote="72" maxnote="72" rootnote="72" rootnotefine="0.000000" channel="1" cut="-1" polyphony="0" output="Samples3" volume="0.330000" pan="0.000000" pitch_over_range="true" play_mode="normal" play_loop="no" play_reverse="no">
          <variation minveloc="0" maxveloc="127" sample="/home/woii/Plagiat/Stage/Sounds/Samples/DaFirst/48k_psychose.2.wav" sampleRelative="DaFirst/48k_psychose.2.wav"/>
        </instrument>
        <instrument name="psychose2" minnote="74" maxnote="74" rootnote="74" rootnotefine="0.000000" channel="1" cut="-1" polyphony="0" output="Samples3" volume="0.430000" pan="0.000000" pitch_over_range="true" play_mode="normal" play_loop="no" play_reverse="no">
          <variation minveloc="0" maxveloc="127" sample="/home/woii/Plagiat/Stage/Sounds/Samples/DaFirst/48k_psychose.5@112.wav" sampleRelative="DaFirst/48k_psychose.5@112.wav"/>
        </instrument>
        <instrument name="psychosereverse" minnote="76" maxnote="76" rootnote="76" rootnotefine="0.000000" channel="1" cut="-1" polyphony="0" output="Samples3" volume="0.430000" pan="0.000000" pitch_over_range="true" play_mode="normal" play_loop="no" play_reverse="no">
          <variation minveloc="0" maxveloc="127" sample="/home/woii/Plagiat/Stage/Sounds/Samples/DaFirst/48k_reverse_psychose.185@112.wav" sampleRelative="DaFirst/48k_reverse_psychose.185@112.wav"/>
        </instrument>
        <instrument name="psychoseinstru" minnote="84" maxnote="100" rootnote="79" rootnotefine="0.000000" channel="1" cut="-1" polyphony="0" output="Samples2" volume="0.300000" pan="0.000000" pitch_over_range="true" play_mode="normal" play_loop="no" play_reverse="no">
          <variation minveloc="0" maxveloc="127" sample="/home/woii/Plagiat/Stage/Sounds/Samples/DaFirst/48k_psychose.5@112.wav" sampleRelative="DaFirst/48k_psychose.5@112.wav"/>
        </instrument>
        <instrument name="derbouka" minnote="36" maxnote="36" rootnote="36" rootnotefine="0.000000" channel="1" cut="-1" polyphony="0" output="Samples5" volume="0.500000" pan="0.000000" pitch_over_range="true" play_mode="trigger" play_loop="no" play_reverse="no">
          <variation minveloc="0" maxveloc="127" sample="/home/woii/Plagiat/Stage/Sounds/Samples/DaFirst/48k_derbouka.2@133.wav" sampleRelative="DaFirst/48k_derbouka.2@133.wav"/>
        </instrument>
        <instrument name="haendel" minnote="24" maxnote="24" rootnote="24" rootnotefine="0.000000" channel="1" cut="-1" polyphony="0" output="Samples4" volume="0.500000" pan="0.000000" pitch_over_range="true" play_mode="trigger" play_loop="no" play_reverse="no">
          <variation minveloc="0" maxveloc="127" sample="/home/woii/Plagiat/Stage/Sounds/Samples/DaFirst/48k_haendelOperture.16@62.wav" sampleRelative="DaFirst/48k_haendelOperture.16@62.wav"/>
        </instrument>
        <instrument name="ufo3" minnote="52" maxnote="52" rootnote="52" rootnotefine="0.000000" channel="1" cut="-1" polyphony="0" output="Samples2" volume="0.570000" pan="0.000000" pitch_over_range="true" play_mode="trigger" play_loop="no" play_reverse="no">
          <variation minveloc="0" maxveloc="127" sample="/home/woii/Plagiat/Stage/Sounds/Samples/DaFirst/48k_ufo.37@178.wav" sampleRelative="DaFirst/48k_ufo.37@178.wav"/>
        </instrument>
        <instrument name="lead1" minnote="108" maxnote="108" rootnote="108" rootnotefine="0.000000" channel="1" cut="-1" polyphony="0" output="Samples1" volume="0.290000" pan="0.000000" pitch_over_range="true" play_mode="normal" play_loop="no" play_reverse="no">
          <variation minveloc="0" maxveloc="127" sample="/home/woii/Plagiat/Stage/Sounds/Samples/DaFirst/48k_Processed_Lead8.26.wav" sampleRelative="DaFirst/48k_Processed_Lead8.26.wav"/>
        </instrument>
        <instrument name="lead2" minnote="110" maxnote="110" rootnote="110" rootnotefine="0.000000" channel="1" cut="-1" polyphony="0" output="Samples1" volume="0.290000" pan="0.000000" pitch_over_range="true" play_mode="normal" play_loop="no" play_reverse="no">
          <variation minveloc="0" maxveloc="127" sample="/home/woii/Plagiat/Stage/Sounds/Samples/DaFirst/48k_Processed_Lead8.27.wav" sampleRelative="DaFirst/48k_Processed_Lead8.27.wav"/>
        </instrument>
        <instrument name="lead3" minnote="112" maxnote="112" rootnote="112" rootnotefine="0.000000" channel="1" cut="-1" polyphony="0" output="Samples1" volume="0.290000" pan="0.000000" pitch_over_range="true" play_mode="normal" play_loop="no" play_reverse="no">
          <variation minveloc="0" maxveloc="127" sample="/home/woii/Plagiat/Stage/Sounds/Samples/DaFirst/48k_Processed_Lead8.28.wav" sampleRelative="DaFirst/48k_Processed_Lead8.28.wav"/>
        </instrument>
        <instrument name="Klap" minnote="64" maxnote="64" rootnote="64" rootnotefine="0.000000" channel="3" cut="-1" polyphony="0" output="DrumKlit" volume="1.000000" pan="0.000000" pitch_over_range="true" play_mode="trigger" play_loop="no" play_reverse="no">
          <variation minveloc="0" maxveloc="127" sample="/home/woii/Plagiat/Stage/Sounds/Samples/DrumKlit/Klap.wav" sampleRelative="DrumKlit/Klap.wav"/>
        </instrument>
        <instrument name="Reload" minnote="65" maxnote="65" rootnote="65" rootnotefine="0.000000" channel="3" cut="-1" polyphony="0" output="Samples1" volume="0.560000" pan="0.000000" pitch_over_range="true" play_mode="trigger" play_loop="no" play_reverse="no">
          <variation minveloc="0" maxveloc="127" sample="/home/woii/Plagiat/Stage/Sounds/Samples/DrumKlit/Reload.wav" sampleRelative="DrumKlit/Reload.wav"/>
        </instrument>
        <instrument name="Fire" minnote="66" maxnote="66" rootnote="66" rootnotefine="0.000000" channel="3" cut="-1" polyphony="0" output="Samples1" volume="0.820000" pan="0.000000" pitch_over_range="true" play_mode="trigger" play_loop="no" play_reverse="no">
          <variation minveloc="0" maxveloc="127" sample="/home/woii/Plagiat/Stage/Sounds/Samples/DrumKlit/Fire.wav" sampleRelative="DrumKlit/Fire.wav"/>
        </instrument>
      </kit>
      <kit name="GetUrFreakOn" volume="1.000000">
        <instrument name="new instrument" minnote="60" maxnote="60" rootnote="60" rootnotefine="0.000000" channel="1" cut="-1" polyphony="0" output="Samples1" volume="1.000000" pan="0.000000" pitch_over_range="true" play_mode="normal" play_loop="no" play_reverse="no">
          <variation minveloc="0" maxveloc="127" sample="" sampleRelative=""/>
        </instrument>
        <instrument name="Klap" minnote="64" maxnote="64" rootnote="64" rootnotefine="0.000000" channel="3" cut="-1" polyphony="0" output="DrumKlit" volume="1.000000" pan="0.000000" pitch_over_range="true" play_mode="trigger" play_loop="no" play_reverse="no">
          <variation minveloc="0" maxveloc="127" sample="/home/woii/Plagiat/Stage/Sounds/Samples/DrumKlit/Klap.wav" sampleRelative="DrumKlit/Klap.wav"/>
        </instrument>
        <instrument name="Reload" minnote="65" maxnote="65" rootnote="65" rootnotefine="0.000000" channel="3" cut="-1" polyphony="0" output="Samples1" volume="0.560000" pan="0.000000" pitch_over_range="true" play_mode="trigger" play_loop="no" play_reverse="no">
          <variation minveloc="0" maxveloc="127" sample="/home/woii/Plagiat/Stage/Sounds/Samples/DrumKlit/Reload.wav" sampleRelative="DrumKlit/Reload.wav"/>
        </instrument>
        <instrument name="Fire" minnote="66" maxnote="66" rootnote="66" rootnotefine="0.000000" channel="3" cut="-1" polyphony="0" output="Samples1" volume="0.820000" pan="0.000000" pitch_over_range="true" play_mode="trigger" play_loop="no" play_reverse="no">
          <variation minveloc="0" maxveloc="127" sample="/home/woii/Plagiat/Stage/Sounds/Samples/DrumKlit/Fire.wav" sampleRelative="DrumKlit/Fire.wav"/>
        </instrument>
      </kit>
    </setup>
  </creation>
</tapeutape>
